<!doctype html>
<html lang="en">
<head>
  <meta charset="utf-8">
  <meta http-equiv="X-UA-Compatible" content="IE=edge">
  <title>Buttons :: Design Patterns</title>
  <meta name="description" content="University of York Design Patterns">
  <meta name="author" content="University of York">
  <meta name="viewport" content="width=device-width, initial-scale=1">

  <meta property="og:title" content="">
  <meta property="og:type" content="website">
  <meta property="og:url" content="">
  <meta property="og:image" content="">
  <meta property="og:site_name" content="">
  <meta property="og:description" content="">

  <link rel="shortcut icon" href="favicon.ico">
  <link rel="icon" type="image/x-icon" href="/favicon.ico">
  <link rel="canonical" href="">

  <link rel="stylesheet" href="css/styles.min.css">

</head>

<body id="buttons-page">
<ul>
  <li><a href="index.html">Homepage</a></li>
  <li>
    <a href="#">Components</a>
    <ul>
      <li><a href="buttons.html">Buttons</a></li>
    </ul>
  </li>
  <li>
    <a href="#">Layout</a>
    <ul>
      <li><a href="grid.html">Grid</a></li>
    </ul>
  </li>
</ul>

<div class="default">

<h1 id="lots-of-buttons">Lots of Buttons</h1>
<p>Buttons come in four different types and three different sizes. Usually a <code>button</code> element should be used, although an <code>a</code>, an <code>input[type=button]</code>, an <code>input[type=reset]</code> or an <code>input[type=submit]</code> could be used.</p>
<p>The simplest is just a plain button:</p>


<input type="submit" class="btn" value="Submit">

<pre><code class="language-markup">&lt;input type=&quot;submit&quot; class=&quot;btn&quot; value=&quot;Submit&quot;&gt;
</code></pre>

<p>Other types are <em>cancel</em>, <em>primary</em> and <em>highlight</em>:</p>


<button class="btn btn-highlight">Or this</button>

<pre><code class="language-markup">&lt;button class=&quot;btn btn-highlight&quot;&gt;Or this&lt;/button&gt;
</code></pre>

<p>You can define the size of the button too:</p>


<button class="btn btn-huge">Huge button</button>

<pre><code class="language-markup">&lt;button class=&quot;btn btn-huge&quot;&gt;Huge button&lt;/button&gt;
</code></pre>

<p>It&#39;s also easy to add an icon to a button, either at the front, the end, or both (which doesn&#39;t look good, so don&#39;t do it).</p>


<button class="btn"><i class="icon-mobile"></i>Please don't<i class="icon-tick"></i>
</button>

<pre><code class="language-markup">&lt;button class=&quot;btn&quot;&gt;&lt;i class=&quot;icon-mobile&quot;&gt;&lt;/i&gt;Please don't&lt;i class=&quot;icon-tick&quot;&gt;&lt;/i&gt;
&lt;/button&gt;
</code></pre>

<p>You can join this all together to make a monster button:</p>


<button class="btn btn-warning btn-large">Oh gosh<i class="icon-tick"></i>
</button>

<pre><code class="language-markup">&lt;button class=&quot;btn btn-warning btn-large&quot;&gt;Oh gosh&lt;i class=&quot;icon-tick&quot;&gt;&lt;/i&gt;
&lt;/button&gt;
</code></pre>

<h2 id="button-groups">Button groups</h2>
<p>You can combine buttons together in a <code>btn-group</code>. This will join the buttons together seamlessly.</p>


<div class="btn-group">
  <button class="btn">Back</button>
  <button class="btn btn-warning">Help<i class="icon-help"></i>
  </button>
  <button class="btn">Next</button>
</div>

<pre><code class="language-markup">&lt;div class=&quot;btn-group&quot;&gt;
  &lt;button class=&quot;btn&quot;&gt;Back&lt;/button&gt;
  &lt;button class=&quot;btn btn-warning&quot;&gt;Help&lt;i class=&quot;icon-help&quot;&gt;&lt;/i&gt;
  &lt;/button&gt;
  &lt;button class=&quot;btn&quot;&gt;Next&lt;/button&gt;
&lt;/div&gt;
</code></pre>

<h2 id="complete-options">Complete options</h2>
<h3 id="component-names">Component names</h3>
<ul>
<li>button</li>
<li>button-link</li>
<li>button-input</li>
<li>button-submit</li>
</ul>
<h3 id="options">Options</h3>
<h4 id="required">Required</h4>
<ul>
<li><strong>text</strong>: the text on the button</li>
</ul>
<h4 id="optional">Optional</h4>
<ul>
<li><strong>type</strong>: one of <em>default</em> (default), <em>cancel</em>, <em>primary</em> and <em>highlight</em></li>
<li><strong>size</strong>: one of <em>tiny</em>, <em>small</em>, <em>medium</em> (default), <em>large</em> or <em>huge</em></li>
<li><strong>icon-before</strong>: the type of <a href="icons">icon</a> to appear at the front of the button (doesn&#39;t work with input[type=submit] or input[type=button])</li>
<li><strong>icon-after</strong>: the type of <a href="icons">icon</a> to appear at the end of the button (doesn&#39;t work with input[type=submit] or input[type=button])</li>
<li><strong>href</strong>: the URL to visit when clicked (only for button-link, defaults to &quot;#&quot;)</li>
</ul>


</div>


<script src="js/prism.js"></script>

</body>

</html>