<!doctype html>
<html lang="en">
<head>
  <meta charset="utf-8">
  <meta http-equiv="X-UA-Compatible" content="IE=edge">
  <title>Grid :: Design Patterns</title>
  <meta name="description" content="University of York Design Patterns">
  <meta name="author" content="University of York">
  <meta name="viewport" content="width=device-width, initial-scale=1">

  <meta property="og:title" content="">
  <meta property="og:type" content="website">
  <meta property="og:url" content="">
  <meta property="og:image" content="">
  <meta property="og:site_name" content="">
  <meta property="og:description" content="">

  <link rel="shortcut icon" href="favicon.ico">
  <link rel="icon" type="image/x-icon" href="/favicon.ico">
  <link rel="canonical" href="">

  <link rel="stylesheet" href="css/styles.min.css">

</head>

<body id="grid">
<ul>
  <li><a href="index.html">Homepage</a></li>
  <li>
    <a href="#">Components</a>
    <ul>
      <li><a href="buttons.html">Buttons</a></li>
    </ul>
  </li>
  <li>
    <a href="#">Layout</a>
    <ul>
      <li><a href="grid.html">Grid</a></li>
    </ul>
  </li>
</ul>

<div class="default">

<h1 id="grid-layout">Grid Layout</h1>
<p>Here&#39;s how the grid layout works.</p>


</div>


<script src="js/prism.js"></script>

</body>

</html>